// Jest Snapshot v1, https://goo.gl/fbAQLP

exports[`Feature should render properly 1`] = `"<div class=\\"app__feature\\"><div class=\\"animated\\" style=\\"opacity: 0;\\"><div class=\\"app__feature__title\\">Discover the best features for you.</div><div class=\\"app__feature__content\\"><div class=\\"app__get__early__access\\"><input class=\\"app__get__early__access__input\\" type=\\"text\\" placeholder=\\"Your Email Address\\"><button type=\\"button\\" class=\\"app__get__early__access__button btn btn__primary\\">Get <span class=\\"d-none d-lg-inline\\">Early </span>Access</button></div></div></div></div>"`;
