// Jest Snapshot v1, https://goo.gl/fbAQLP

exports[`InstitutionsItem should render properly 1`] = `"<div class=\\"app__institutions__item\\"><div class=\\"app__institutions__item__content\\"><div class=\\"row\\"><div class=\\"col-6 app__institutions__item__content__info\\"><div class=\\"animated\\" style=\\"opacity: 0;\\"><div><div class=\\"animated\\" style=\\"opacity: 0;\\"><div class=\\"app__title\\"><p class=\\"app__title__subtitle\\">SubTitle</p><p class=\\"app__title__title\\">Title</p></div></div><p class=\\"app__institutions__item__content__info__description\\">Description</p><button class=\\"app__institutions__item__content__info__download btn btn__secondary\\" type=\\"button\\">DOWNLOAD THE CASE STUDY (8.4 MB)</button></div></div></div><div class=\\"col-6 d-none d-lg-flex app__institutions__item__content__image\\"><div class=\\"app__institutions__item__content__image__content\\"><div class=\\"animated\\" style=\\"opacity: 0;\\"><img src=\\"\\" alt=\\"No Asset\\"></div></div></div></div></div></div>"`;

exports[`InstitutionsItem should render properly 2`] = `"<div class=\\"app__institutions__item\\"><div class=\\"app__institutions__item__content\\"><div class=\\"row\\"><div class=\\"col-6 d-none d-lg-flex direction-rtl app__institutions__item__content__image\\"><div class=\\"app__institutions__item__content__image__content\\"><div class=\\"animated\\" style=\\"opacity: 0;\\"><img src=\\"\\" alt=\\"No Asset\\"></div></div></div><div class=\\"col-6 app__institutions__item__content__info\\"><div class=\\"animated\\" style=\\"opacity: 0;\\"><div><div class=\\"animated\\" style=\\"opacity: 0;\\"><div class=\\"app__title\\"><p class=\\"app__title__subtitle\\">SubTitle</p><p class=\\"app__title__title\\">Title</p></div></div><p class=\\"app__institutions__item__content__info__description\\">Description</p><button class=\\"app__institutions__item__content__info__download btn btn__secondary\\" type=\\"button\\">DOWNLOAD THE CASE STUDY (8.4 MB)</button></div></div></div></div></div></div>"`;
