// Jest Snapshot v1, https://goo.gl/fbAQLP

exports[`VideoMask should render properly 1`] = `"<div class=\\"app__video__mask\\"><div class=\\"animated\\" style=\\"opacity: 0;\\"><div class=\\"app__video__mask__circle app__video__mask__circle1\\"></div><div class=\\"app__video__mask__circle app__video__mask__circle2\\"></div><div class=\\"app__video__mask__circle app__video__mask__circle3\\"></div><div class=\\"app__video__mask__triangle\\"></div></div></div>"`;
